// Jest Snapshot v1, https://goo.gl/fbAQLP

exports[`Error should render correctly 1`] = `
<div
  className="Error"
>
  <h1
    className="text-center"
  >
    Error - Page Does Not Exist!
  </h1>
  <img
    alt=""
    src="https://www.oho.com/sites/default/files/styles/width_1160/public/2020-03/shutterstock_1076235776.jpg?itok=gNVLEOJt"
  />
</div>
`;
